  Determining projects to restore...
  Nothing to do. None of the projects specified contain packages to restore.
C:\Users\abous\RiderProjects\Andromeda\Server\Andromeda\Andromeda.Mod\Mod.cs(15,30): warning CS0672: Member 'Mod.OnApplicationStart()' overrides obsolete member 'MelonBase.OnApplicationStart()'. Add the Obsolete attribute to 'Mod.OnApplicationStart()'. [C:\Users\abous\RiderProjects\Andromeda\Server\Andromeda\Andromeda.Mod\Andromeda.Mod.csproj]
C:\Users\abous\RiderProjects\Andromeda\Server\Andromeda\Andromeda.Mod\Mod.cs(79,41): error CS0246: The type or namespace name 'CustomPartyServerSetupPatch' could not be found (are you missing a using directive or an assembly reference?) [C:\Users\abous\RiderProjects\Andromeda\Server\Andromeda\Andromeda.Mod\Andromeda.Mod.csproj]
C:\Users\abous\RiderProjects\Andromeda\Server\Andromeda\Andromeda.Mod\Mod.cs(80,41): error CS0246: The type or namespace name 'JoinGameMsgLoggingPatch' could not be found (are you missing a using directive or an assembly reference?) [C:\Users\abous\RiderProjects\Andromeda\Server\Andromeda\Andromeda.Mod\Andromeda.Mod.csproj]
C:\Users\abous\RiderProjects\Andromeda\Server\Andromeda\Andromeda.Mod\Mod.cs(83,13): error CS0103: The name 'AndromedaServerMinPlayerPatch' does not exist in the current context [C:\Users\abous\RiderProjects\Andromeda\Server\Andromeda\Andromeda.Mod\Andromeda.Mod.csproj]

Build FAILED.

C:\Users\abous\RiderProjects\Andromeda\Server\Andromeda\Andromeda.Mod\Mod.cs(15,30): warning CS0672: Member 'Mod.OnApplicationStart()' overrides obsolete member 'MelonBase.OnApplicationStart()'. Add the Obsolete attribute to 'Mod.OnApplicationStart()'. [C:\Users\abous\RiderProjects\Andromeda\Server\Andromeda\Andromeda.Mod\Andromeda.Mod.csproj]
C:\Users\abous\RiderProjects\Andromeda\Server\Andromeda\Andromeda.Mod\Mod.cs(79,41): error CS0246: The type or namespace name 'CustomPartyServerSetupPatch' could not be found (are you missing a using directive or an assembly reference?) [C:\Users\abous\RiderProjects\Andromeda\Server\Andromeda\Andromeda.Mod\Andromeda.Mod.csproj]
C:\Users\abous\RiderProjects\Andromeda\Server\Andromeda\Andromeda.Mod\Mod.cs(80,41): error CS0246: The type or namespace name 'JoinGameMsgLoggingPatch' could not be found (are you missing a using directive or an assembly reference?) [C:\Users\abous\RiderProjects\Andromeda\Server\Andromeda\Andromeda.Mod\Andromeda.Mod.csproj]
C:\Users\abous\RiderProjects\Andromeda\Server\Andromeda\Andromeda.Mod\Mod.cs(83,13): error CS0103: The name 'AndromedaServerMinPlayerPatch' does not exist in the current context [C:\Users\abous\RiderProjects\Andromeda\Server\Andromeda\Andromeda.Mod\Andromeda.Mod.csproj]
    1 Warning(s)
    3 Error(s)

Time Elapsed 00:00:00.58
